1743378003.312271 client started (3324989): version 3.4, socket /tmp/tmux-1000/default, protocol 8
1743378003.312287 on Linux 6.8.0-56-generic #58-Ubuntu SMP PREEMPT_DYNAMIC Fri Feb 14 15:33:28 UTC 2025
1743378003.312289 using libevent 2.1.12-stable poll
1743378003.312291 using ncurses 6.4 20240113
1743378003.312299 flags are 0x10010000
1743378003.312306 socket is /tmp/tmux-1000/default
1743378003.312320 trying connect
1743378003.312365 add peer 0x593f4936cd00: 6 ((nil))
1743378003.312547 sending message 100 to peer 0x593f4936cd00 (4 bytes)
1743378003.312550 sending message 111 to peer 0x593f4936cd00 (8 bytes)
1743378003.312552 sending message 101 to peer 0x593f4936cd00 (14 bytes)
1743378003.312553 sending message 109 to peer 0x593f4936cd00 (4 bytes)
1743378003.312554 sending message 102 to peer 0x593f4936cd00 (11 bytes)
1743378003.312556 sending message 108 to peer 0x593f4936cd00 (34 bytes)
1743378003.312557 sending message 112 to peer 0x593f4936cd00 (70 bytes)
1743378003.312559 sending message 112 to peer 0x593f4936cd00 (5 bytes)
1743378003.312560 sending message 112 to peer 0x593f4936cd00 (5 bytes)
1743378003.312562 sending message 112 to peer 0x593f4936cd00 (6 bytes)
1743378003.312563 sending message 112 to peer 0x593f4936cd00 (6 bytes)
1743378003.312565 sending message 112 to peer 0x593f4936cd00 (11 bytes)
1743378003.312566 sending message 112 to peer 0x593f4936cd00 (10 bytes)
1743378003.312567 sending message 112 to peer 0x593f4936cd00 (13 bytes)
1743378003.312569 sending message 112 to peer 0x593f4936cd00 (13 bytes)
1743378003.312570 sending message 112 to peer 0x593f4936cd00 (18 bytes)
1743378003.312572 sending message 112 to peer 0x593f4936cd00 (11 bytes)
1743378003.312573 sending message 112 to peer 0x593f4936cd00 (10 bytes)
1743378003.312575 sending message 112 to peer 0x593f4936cd00 (15 bytes)
1743378003.312576 sending message 112 to peer 0x593f4936cd00 (21 bytes)
1743378003.312577 sending message 112 to peer 0x593f4936cd00 (13 bytes)
1743378003.312579 sending message 112 to peer 0x593f4936cd00 (7 bytes)
1743378003.312580 sending message 112 to peer 0x593f4936cd00 (13 bytes)
1743378003.312582 sending message 112 to peer 0x593f4936cd00 (7 bytes)
1743378003.312583 sending message 112 to peer 0x593f4936cd00 (13 bytes)
1743378003.312584 sending message 112 to peer 0x593f4936cd00 (9 bytes)
1743378003.312586 sending message 112 to peer 0x593f4936cd00 (21 bytes)
1743378003.312587 sending message 112 to peer 0x593f4936cd00 (13 bytes)
1743378003.312589 sending message 112 to peer 0x593f4936cd00 (8 bytes)
1743378003.312590 sending message 112 to peer 0x593f4936cd00 (12 bytes)
1743378003.312591 sending message 112 to peer 0x593f4936cd00 (13 bytes)
1743378003.312593 sending message 112 to peer 0x593f4936cd00 (9 bytes)
1743378003.312594 sending message 112 to peer 0x593f4936cd00 (9 bytes)
1743378003.312596 sending message 112 to peer 0x593f4936cd00 (12 bytes)
1743378003.312597 sending message 112 to peer 0x593f4936cd00 (8 bytes)
1743378003.312598 sending message 112 to peer 0x593f4936cd00 (8 bytes)
1743378003.312600 sending message 112 to peer 0x593f4936cd00 (7 bytes)
1743378003.312601 sending message 112 to peer 0x593f4936cd00 (7 bytes)
1743378003.312603 sending message 112 to peer 0x593f4936cd00 (9 bytes)
1743378003.312604 sending message 112 to peer 0x593f4936cd00 (13 bytes)
1743378003.312606 sending message 112 to peer 0x593f4936cd00 (6 bytes)
1743378003.312607 sending message 112 to peer 0x593f4936cd00 (9 bytes)
1743378003.312608 sending message 112 to peer 0x593f4936cd00 (15 bytes)
1743378003.312610 sending message 112 to peer 0x593f4936cd00 (13 bytes)
1743378003.312611 sending message 112 to peer 0x593f4936cd00 (12 bytes)
1743378003.312613 sending message 112 to peer 0x593f4936cd00 (8 bytes)
1743378003.312614 sending message 112 to peer 0x593f4936cd00 (14 bytes)
1743378003.312615 sending message 112 to peer 0x593f4936cd00 (11 bytes)
1743378003.312617 sending message 112 to peer 0x593f4936cd00 (9 bytes)
1743378003.312618 sending message 112 to peer 0x593f4936cd00 (10 bytes)
1743378003.312620 sending message 112 to peer 0x593f4936cd00 (10 bytes)
1743378003.312637 sending message 112 to peer 0x593f4936cd00 (10 bytes)
1743378003.312638 sending message 112 to peer 0x593f4936cd00 (10 bytes)
1743378003.312640 sending message 112 to peer 0x593f4936cd00 (11 bytes)
1743378003.312641 sending message 112 to peer 0x593f4936cd00 (12 bytes)
1743378003.312642 sending message 112 to peer 0x593f4936cd00 (12 bytes)
1743378003.312644 sending message 112 to peer 0x593f4936cd00 (12 bytes)
1743378003.312645 sending message 112 to peer 0x593f4936cd00 (12 bytes)
1743378003.312647 sending message 112 to peer 0x593f4936cd00 (12 bytes)
1743378003.312648 sending message 112 to peer 0x593f4936cd00 (11 bytes)
1743378003.312649 sending message 112 to peer 0x593f4936cd00 (11 bytes)
1743378003.312651 sending message 112 to peer 0x593f4936cd00 (12 bytes)
1743378003.312652 sending message 112 to peer 0x593f4936cd00 (12 bytes)
1743378003.312654 sending message 112 to peer 0x593f4936cd00 (12 bytes)
1743378003.312655 sending message 112 to peer 0x593f4936cd00 (12 bytes)
1743378003.312656 sending message 112 to peer 0x593f4936cd00 (12 bytes)
1743378003.312658 sending message 112 to peer 0x593f4936cd00 (10 bytes)
1743378003.312659 sending message 112 to peer 0x593f4936cd00 (12 bytes)
1743378003.312661 sending message 112 to peer 0x593f4936cd00 (13 bytes)
1743378003.312662 sending message 112 to peer 0x593f4936cd00 (13 bytes)
1743378003.312663 sending message 112 to peer 0x593f4936cd00 (13 bytes)
1743378003.312665 sending message 112 to peer 0x593f4936cd00 (13 bytes)
1743378003.312666 sending message 112 to peer 0x593f4936cd00 (13 bytes)
1743378003.312668 sending message 112 to peer 0x593f4936cd00 (8 bytes)
1743378003.312669 sending message 112 to peer 0x593f4936cd00 (11 bytes)
1743378003.312671 sending message 112 to peer 0x593f4936cd00 (11 bytes)
1743378003.312672 sending message 112 to peer 0x593f4936cd00 (11 bytes)
1743378003.312673 sending message 112 to peer 0x593f4936cd00 (12 bytes)
1743378003.312675 sending message 112 to peer 0x593f4936cd00 (12 bytes)
1743378003.312676 sending message 112 to peer 0x593f4936cd00 (12 bytes)
1743378003.312678 sending message 112 to peer 0x593f4936cd00 (12 bytes)
1743378003.312679 sending message 112 to peer 0x593f4936cd00 (13 bytes)
1743378003.312680 sending message 112 to peer 0x593f4936cd00 (13 bytes)
1743378003.312682 sending message 112 to peer 0x593f4936cd00 (13 bytes)
1743378003.312683 sending message 112 to peer 0x593f4936cd00 (8 bytes)
1743378003.312685 sending message 112 to peer 0x593f4936cd00 (13 bytes)
1743378003.312686 sending message 112 to peer 0x593f4936cd00 (13 bytes)
1743378003.312688 sending message 112 to peer 0x593f4936cd00 (13 bytes)
1743378003.312689 sending message 112 to peer 0x593f4936cd00 (13 bytes)
1743378003.312690 sending message 112 to peer 0x593f4936cd00 (13 bytes)
1743378003.312692 sending message 112 to peer 0x593f4936cd00 (12 bytes)
1743378003.312693 sending message 112 to peer 0x593f4936cd00 (12 bytes)
1743378003.312695 sending message 112 to peer 0x593f4936cd00 (12 bytes)
1743378003.312696 sending message 112 to peer 0x593f4936cd00 (12 bytes)
1743378003.312698 sending message 112 to peer 0x593f4936cd00 (13 bytes)
1743378003.312699 sending message 112 to peer 0x593f4936cd00 (8 bytes)
1743378003.312700 sending message 112 to peer 0x593f4936cd00 (13 bytes)
1743378003.312702 sending message 112 to peer 0x593f4936cd00 (13 bytes)
1743378003.312703 sending message 112 to peer 0x593f4936cd00 (13 bytes)
1743378003.312705 sending message 112 to peer 0x593f4936cd00 (13 bytes)
1743378003.312706 sending message 112 to peer 0x593f4936cd00 (13 bytes)
1743378003.312708 sending message 112 to peer 0x593f4936cd00 (13 bytes)
1743378003.312709 sending message 112 to peer 0x593f4936cd00 (13 bytes)
1743378003.312710 sending message 112 to peer 0x593f4936cd00 (12 bytes)
1743378003.312712 sending message 112 to peer 0x593f4936cd00 (12 bytes)
1743378003.312713 sending message 112 to peer 0x593f4936cd00 (12 bytes)
1743378003.312715 sending message 112 to peer 0x593f4936cd00 (8 bytes)
1743378003.312716 sending message 112 to peer 0x593f4936cd00 (12 bytes)
1743378003.312720 sending message 112 to peer 0x593f4936cd00 (13 bytes)
1743378003.312721 sending message 112 to peer 0x593f4936cd00 (13 bytes)
1743378003.312723 sending message 112 to peer 0x593f4936cd00 (13 bytes)
1743378003.312724 sending message 112 to peer 0x593f4936cd00 (13 bytes)
1743378003.312725 sending message 112 to peer 0x593f4936cd00 (13 bytes)
1743378003.312727 sending message 112 to peer 0x593f4936cd00 (13 bytes)
1743378003.312728 sending message 112 to peer 0x593f4936cd00 (13 bytes)
1743378003.312730 sending message 112 to peer 0x593f4936cd00 (13 bytes)
1743378003.312731 sending message 112 to peer 0x593f4936cd00 (12 bytes)
1743378003.312732 sending message 112 to peer 0x593f4936cd00 (10 bytes)
1743378003.312734 sending message 112 to peer 0x593f4936cd00 (12 bytes)
1743378003.312735 sending message 112 to peer 0x593f4936cd00 (12 bytes)
1743378003.312737 sending message 112 to peer 0x593f4936cd00 (12 bytes)
1743378003.312738 sending message 112 to peer 0x593f4936cd00 (13 bytes)
1743378003.312739 sending message 112 to peer 0x593f4936cd00 (13 bytes)
1743378003.312741 sending message 112 to peer 0x593f4936cd00 (13 bytes)
1743378003.312742 sending message 112 to peer 0x593f4936cd00 (13 bytes)
1743378003.312744 sending message 112 to peer 0x593f4936cd00 (13 bytes)
1743378003.312745 sending message 112 to peer 0x593f4936cd00 (13 bytes)
1743378003.312746 sending message 112 to peer 0x593f4936cd00 (13 bytes)
1743378003.312748 sending message 112 to peer 0x593f4936cd00 (10 bytes)
1743378003.312749 sending message 112 to peer 0x593f4936cd00 (13 bytes)
1743378003.312751 sending message 112 to peer 0x593f4936cd00 (12 bytes)
1743378003.312752 sending message 112 to peer 0x593f4936cd00 (12 bytes)
1743378003.312754 sending message 112 to peer 0x593f4936cd00 (12 bytes)
1743378003.312755 sending message 112 to peer 0x593f4936cd00 (10 bytes)
1743378003.312756 sending message 112 to peer 0x593f4936cd00 (10 bytes)
1743378003.312758 sending message 112 to peer 0x593f4936cd00 (10 bytes)
1743378003.312759 sending message 112 to peer 0x593f4936cd00 (12 bytes)
1743378003.312761 sending message 112 to peer 0x593f4936cd00 (13 bytes)
1743378003.312762 sending message 112 to peer 0x593f4936cd00 (13 bytes)
1743378003.312763 sending message 112 to peer 0x593f4936cd00 (13 bytes)
1743378003.312765 sending message 112 to peer 0x593f4936cd00 (13 bytes)
1743378003.312766 sending message 112 to peer 0x593f4936cd00 (13 bytes)
1743378003.312768 sending message 112 to peer 0x593f4936cd00 (11 bytes)
1743378003.312769 sending message 112 to peer 0x593f4936cd00 (11 bytes)
1743378003.312770 sending message 112 to peer 0x593f4936cd00 (12 bytes)
1743378003.312772 sending message 112 to peer 0x593f4936cd00 (12 bytes)
1743378003.312773 sending message 112 to peer 0x593f4936cd00 (12 bytes)
1743378003.312775 sending message 112 to peer 0x593f4936cd00 (12 bytes)
1743378003.312776 sending message 112 to peer 0x593f4936cd00 (12 bytes)
1743378003.312777 sending message 112 to peer 0x593f4936cd00 (11 bytes)
1743378003.312779 sending message 112 to peer 0x593f4936cd00 (12 bytes)
1743378003.312780 sending message 112 to peer 0x593f4936cd00 (12 bytes)
1743378003.312782 sending message 112 to peer 0x593f4936cd00 (13 bytes)
1743378003.312783 sending message 112 to peer 0x593f4936cd00 (13 bytes)
1743378003.312784 sending message 112 to peer 0x593f4936cd00 (13 bytes)
1743378003.312786 sending message 112 to peer 0x593f4936cd00 (13 bytes)
1743378003.312787 sending message 112 to peer 0x593f4936cd00 (13 bytes)
1743378003.312789 sending message 112 to peer 0x593f4936cd00 (10 bytes)
1743378003.312790 sending message 112 to peer 0x593f4936cd00 (9 bytes)
1743378003.312792 sending message 112 to peer 0x593f4936cd00 (12 bytes)
1743378003.312793 sending message 112 to peer 0x593f4936cd00 (13 bytes)
1743378003.312794 sending message 112 to peer 0x593f4936cd00 (13 bytes)
1743378003.312796 sending message 112 to peer 0x593f4936cd00 (13 bytes)
1743378003.312797 sending message 112 to peer 0x593f4936cd00 (13 bytes)
1743378003.312799 sending message 112 to peer 0x593f4936cd00 (13 bytes)
1743378003.312802 sending message 112 to peer 0x593f4936cd00 (9 bytes)
1743378003.312803 sending message 112 to peer 0x593f4936cd00 (12 bytes)
1743378003.312805 sending message 112 to peer 0x593f4936cd00 (13 bytes)
1743378003.312806 sending message 112 to peer 0x593f4936cd00 (13 bytes)
1743378003.312808 sending message 112 to peer 0x593f4936cd00 (13 bytes)
1743378003.312809 sending message 112 to peer 0x593f4936cd00 (13 bytes)
1743378003.312811 sending message 112 to peer 0x593f4936cd00 (13 bytes)
1743378003.312812 sending message 112 to peer 0x593f4936cd00 (11 bytes)
1743378003.312813 sending message 112 to peer 0x593f4936cd00 (12 bytes)
1743378003.312815 sending message 112 to peer 0x593f4936cd00 (13 bytes)
1743378003.312816 sending message 112 to peer 0x593f4936cd00 (13 bytes)
1743378003.312818 sending message 112 to peer 0x593f4936cd00 (13 bytes)
1743378003.312819 sending message 112 to peer 0x593f4936cd00 (13 bytes)
1743378003.312820 sending message 112 to peer 0x593f4936cd00 (13 bytes)
1743378003.312822 sending message 112 to peer 0x593f4936cd00 (11 bytes)
1743378003.312823 sending message 112 to peer 0x593f4936cd00 (12 bytes)
1743378003.312825 sending message 112 to peer 0x593f4936cd00 (12 bytes)
1743378003.312826 sending message 112 to peer 0x593f4936cd00 (12 bytes)
1743378003.312828 sending message 112 to peer 0x593f4936cd00 (12 bytes)
1743378003.312829 sending message 112 to peer 0x593f4936cd00 (12 bytes)
1743378003.312830 sending message 112 to peer 0x593f4936cd00 (21 bytes)
1743378003.312832 sending message 112 to peer 0x593f4936cd00 (12 bytes)
1743378003.312833 sending message 112 to peer 0x593f4936cd00 (9 bytes)
1743378003.312835 sending message 112 to peer 0x593f4936cd00 (6 bytes)
1743378003.312836 sending message 112 to peer 0x593f4936cd00 (13 bytes)
1743378003.312838 sending message 112 to peer 0x593f4936cd00 (8 bytes)
1743378003.312839 sending message 112 to peer 0x593f4936cd00 (15 bytes)
1743378003.312841 sending message 112 to peer 0x593f4936cd00 (13 bytes)
1743378003.312842 sending message 112 to peer 0x593f4936cd00 (9 bytes)
1743378003.312844 sending message 112 to peer 0x593f4936cd00 (70 bytes)
1743378003.312845 sending message 112 to peer 0x593f4936cd00 (69 bytes)
1743378003.312846 sending message 112 to peer 0x593f4936cd00 (10 bytes)
1743378003.312848 sending message 112 to peer 0x593f4936cd00 (10 bytes)
1743378003.312849 sending message 112 to peer 0x593f4936cd00 (8 bytes)
1743378003.312851 sending message 112 to peer 0x593f4936cd00 (15 bytes)
1743378003.312852 sending message 112 to peer 0x593f4936cd00 (13 bytes)
1743378003.312854 sending message 112 to peer 0x593f4936cd00 (10 bytes)
1743378003.312855 sending message 112 to peer 0x593f4936cd00 (10 bytes)
1743378003.312857 sending message 112 to peer 0x593f4936cd00 (17 bytes)
1743378003.312858 sending message 112 to peer 0x593f4936cd00 (10 bytes)
1743378003.312860 sending message 112 to peer 0x593f4936cd00 (13 bytes)
1743378003.312861 sending message 112 to peer 0x593f4936cd00 (9 bytes)
1743378003.312862 sending message 112 to peer 0x593f4936cd00 (5 bytes)
1743378003.312864 sending message 112 to peer 0x593f4936cd00 (15 bytes)
1743378003.312866 sending message 104 to peer 0x593f4936cd00 (0 bytes)
1743378003.312868 sending message 110 to peer 0x593f4936cd00 (0 bytes)
1743378003.312869 sending message 107 to peer 0x593f4936cd00 (4 bytes)
1743378003.312871 sending message 105 to peer 0x593f4936cd00 (16 bytes)
1743378003.312872 sending message 105 to peer 0x593f4936cd00 (82 bytes)
1743378003.312874 sending message 105 to peer 0x593f4936cd00 (19 bytes)
1743378003.312875 sending message 105 to peer 0x593f4936cd00 (20 bytes)
1743378003.312877 sending message 105 to peer 0x593f4936cd00 (47 bytes)
1743378003.312878 sending message 105 to peer 0x593f4936cd00 (58 bytes)
1743378003.312879 sending message 105 to peer 0x593f4936cd00 (25 bytes)
1743378003.312881 sending message 105 to peer 0x593f4936cd00 (44 bytes)
1743378003.312882 sending message 105 to peer 0x593f4936cd00 (37 bytes)
1743378003.312884 sending message 105 to peer 0x593f4936cd00 (45 bytes)
1743378003.312888 sending message 105 to peer 0x593f4936cd00 (15 bytes)
1743378003.312889 sending message 105 to peer 0x593f4936cd00 (41 bytes)
1743378003.312890 sending message 105 to peer 0x593f4936cd00 (25 bytes)
1743378003.312892 sending message 105 to peer 0x593f4936cd00 (28 bytes)
1743378003.312893 sending message 105 to peer 0x593f4936cd00 (15 bytes)
1743378003.312895 sending message 105 to peer 0x593f4936cd00 (38 bytes)
1743378003.312896 sending message 105 to peer 0x593f4936cd00 (29 bytes)
1743378003.312898 sending message 105 to peer 0x593f4936cd00 (15 bytes)
1743378003.312899 sending message 105 to peer 0x593f4936cd00 (21 bytes)
1743378003.312901 sending message 105 to peer 0x593f4936cd00 (52 bytes)
1743378003.312902 sending message 105 to peer 0x593f4936cd00 (36 bytes)
1743378003.312904 sending message 105 to peer 0x593f4936cd00 (50 bytes)
1743378003.312905 sending message 105 to peer 0x593f4936cd00 (15 bytes)
1743378003.312907 sending message 105 to peer 0x593f4936cd00 (18 bytes)
1743378003.312908 sending message 105 to peer 0x593f4936cd00 (17 bytes)
1743378003.312910 sending message 105 to peer 0x593f4936cd00 (1817 bytes)
1743378003.312916 sending message 105 to peer 0x593f4936cd00 (31 bytes)
1743378003.312918 sending message 105 to peer 0x593f4936cd00 (17 bytes)
1743378003.312919 sending message 105 to peer 0x593f4936cd00 (52 bytes)
1743378003.312921 sending message 105 to peer 0x593f4936cd00 (86 bytes)
1743378003.312922 sending message 105 to peer 0x593f4936cd00 (34 bytes)
1743378003.312924 sending message 105 to peer 0x593f4936cd00 (23 bytes)
1743378003.312925 sending message 105 to peer 0x593f4936cd00 (19 bytes)
1743378003.312927 sending message 105 to peer 0x593f4936cd00 (32 bytes)
1743378003.312928 sending message 105 to peer 0x593f4936cd00 (12 bytes)
1743378003.312930 sending message 105 to peer 0x593f4936cd00 (13 bytes)
1743378003.312931 sending message 105 to peer 0x593f4936cd00 (30 bytes)
1743378003.312932 sending message 105 to peer 0x593f4936cd00 (11 bytes)
1743378003.312934 sending message 105 to peer 0x593f4936cd00 (8 bytes)
1743378003.312935 sending message 105 to peer 0x593f4936cd00 (11 bytes)
1743378003.312937 sending message 105 to peer 0x593f4936cd00 (70 bytes)
1743378003.312938 sending message 105 to peer 0x593f4936cd00 (18 bytes)
1743378003.312940 sending message 105 to peer 0x593f4936cd00 (31 bytes)
1743378003.312941 sending message 105 to peer 0x593f4936cd00 (30 bytes)
1743378003.312942 sending message 105 to peer 0x593f4936cd00 (181 bytes)
1743378003.312944 sending message 105 to peer 0x593f4936cd00 (158 bytes)
1743378003.312946 sending message 105 to peer 0x593f4936cd00 (20 bytes)
1743378003.312947 sending message 105 to peer 0x593f4936cd00 (54 bytes)
1743378003.312949 sending message 105 to peer 0x593f4936cd00 (49 bytes)
1743378003.312950 sending message 105 to peer 0x593f4936cd00 (18 bytes)
1743378003.312951 sending message 105 to peer 0x593f4936cd00 (16 bytes)
1743378003.312953 sending message 106 to peer 0x593f4936cd00 (0 bytes)
1743378003.312978 sending message 200 to peer 0x593f4936cd00 (4 bytes)
1743378003.312980 client loop enter
1743378003.313268 peer 0x593f4936cd00 message 303
1743378003.313271 open write file 2 -
1743378003.313275 sending message 305 to peer 0x593f4936cd00 (8 bytes)
1743378003.313282 write check file 2
1743378003.313351 peer 0x593f4936cd00 message 304
1743378003.313356 write 58 to file 2
1743378003.313357 peer 0x593f4936cd00 message 203
1743378003.313360 file 2 58 bytes left
1743378003.313367 write check file 2
1743378003.313368 client loop exit
